Angelababy
S.H.E
TFBOYS
羽·泉
三宝
于丹
仲满
何洁
何炅
倪妮
刘欢
刘涛
刘烨
刘翔
刘谦
刘雯
吕燕
吴京
吴磊
周迅
唐嫣
夏雨
姚明
姚晨
姜文
孙俪
孙杨
孙楠
孟非
宁浩
宁静
宋佳
宋茜
崔健
巩俐
常昊
张亮
张威
张杰
徐峥
徐帆
徐铮
成龙
戴军
文章
景甜
朱丹
朴树
李咏
李娜
李安
李晨
李沁
李湘
李铁
李霞
李静
杜丽
杜淳
杜鹃
杨坤
杨威
杨幂
杨洋
杨澜
杨紫
林丹
林峰
梅婷
武磊
池莉
汤唯
汪峰
汪涵
沈腾
海岩
海清
王凯
王刚
王朔
王楠
王源
王皓
王菲
田亮
白宇
瞿颖
罗晋
羽泉
老狼
胡兵
胡军
胡歌
舒淇
英达
范伟
莫言
葛优
董洁
蒋欣
袁泉
裴蓓
许巍
谢娜
赵薇
邓伦
邓超
那英
邹凯
郎朗
郑恺
郑智
郑洁
郑爽
郑钧
郭涛
闫妮
陆毅
陈坤
陈好
陈数
陈晓
陈琳
陈赫
陶喆
陶虹
雪村
靳东
韩寒
韩庚
韩红
马丽
马琳
马苏
鹿晗
黄奕
黄渤
黄磊
黄轩
黎明
申雪/赵宏博
丁俊晖
五月天
井柏然
任达华
何润东
佘诗曼
余秋雨
佟丽娅
佟大为
关晓彤
冯小刚
冯绍峰
冯远征
刘亦菲
刘仪伟
刘嘉玲
刘德华
刘恺威
刘慈欣
刘昊然
刘晓庆
刘若英
刘诗诗
刘震云
华晨宇
古天乐
吕丽萍
吴亦凡
吴奇隆
吴宗宪
吴宣仪
吴彦祖
吴敏霞
吴秀波
吴莫愁
吴谨言
吴镇宇
周冬雨
周华健
周星驰
周杰伦
周润发
周渝民
周立波
周笔畅
唐国强
姜培林
孙海英
孙红雷
孙继海
宋丹丹
容祖儿
小沈阳
岳云鹏
巴特尔
庾澄庆
张一山
张丰毅
张亚东
张嘉译
张国立
张子枫
张学友
张怡宁
张惠妹
张智霖
张柏芝
张歆艺
张涵予
张牧野
张玉宁
张纪中
张继科
张艺兴
张艺谋
张若昀
张连伟
张钧甯
张铁林
张雨绮
张靓颖
张静初
张韶涵
彭于晏
彭昱畅
徐小平
徐熙娣
徐熙媛
徐若瑄
徐静蕾
方大同
易中天
易建联
曾志伟
朱一龙
朱亚文
李云迪
李亚鹏
李冰冰
李学庆
李宇春
李宗盛
李小冉
李小璐
李小鹏
李少红
李幼斌
李易峰
李欣汝
李永波
李荣浩
李连杰
杨丞琳
杨丽萍
杨千嬅
杨恭如
杨超越
林依晨
林宥嘉
林心如
林志玲
林志颖
林更新
柯震东
柳云龙
桂纶镁
梁咏琪
梁文冲
梁朝伟
毛不易
江疏影
洪昭光
滕华涛
潘玮柏
潘粤明
濮存昕
王一博
王俊凯
王力宏
王励勤
王嘉尔
王子文
王宝强
王志文
王治郅
王珞丹
甄子丹
田馥甄
白敬亭
章子怡
罗志祥
胡彦斌
胡杏儿
苏打绿
苏有朋
范冰冰
范玮琪
莫文蔚
萧亚轩
萧敬腾
董方卓
蒋勤勤
蒋雯丽
蔡依林
蔡卓妍
蔡康永
蔡徐坤
薛之谦
言承旭
许魏洲
谢杏芳
谢霆锋
谭元元
贾乃亮
贾樟柯
赵丽颖
赵又廷
赵宝刚
赵本山
赵蕊蕊
邓紫棋
邵佳一
郑伊健
郑元畅
郑嘉颖
郑秀文
郝海东
郭富城
郭德纲
郭敬明
郭晓冬
郭晶晶
郭采洁
金城武
钟欣桐
钟欣潼
钟汉良
阮经天
陈乔恩
陈伟霆
陈凯歌
陈嘉桦
陈奕迅
陈妍希
陈学冬
陈宝国
陈建斌
陈楚生
陈燮霞
陈道明
陈鲁豫
雷佳音
霍建华
鞠婧祎
飞轮海
马伊琍
马天宇
马思纯
马未都
高圆圆
高希希
魏大勋
黄健翔
黄圣依
黄子韬
黄晓明
黄景瑜
黄海波
黄秋生
黄豆豆
凤凰传奇
吉克隽逸
斯琴高娃
易烊千玺
迪丽热巴
闾丘露薇
郑洁、晏紫
