Angelababy
小s
丁健
丁磊
三宝
于丹
仲满
何洁
何炅
倪妮
倪萍
刀郎
刑菲
刘欢
刘涛
刘烨
刘翔
刘谦
刘雯
吕燕
吴京
吴昕
吴磊
周涛
周琦
周迅
唐嫣
唐骏
夏雨
大鹏
姚明
姚晨
姜文
孙俪
孙悦
孙杨
孙楠
孟非
宁浩
宁静
宋佳
宋茜
崔健
巩俐
布林
常昊
康辉
张亮
张威
张杰
张菲
张蕾
彭蕾
徐峥
徐帆
徐新
徐铮
成龙
戚薇
戴军
文章
方琼
景甜
朱丹
朱桢
朱骏
朴树
李健
李咏
李响
李娜
李安
李晨
李沁
李湘
李艾
李铁
李锐
李霞
李静
杜丽
杜淳
杜鹃
杨坤
杨威
杨幂
杨洋
杨澜
杨紫
杨颖
林丹
林峰
柯蓝
柴静
梁博
梅婷
樊登
武磊
池莉
汤唯
汪峰
汪涵
沈冰
沈腾
海岩
海清
王凯
王刚
王宁
王朔
王杰
王楠
王源
王皓
王菲
田亮
白宇
瞿颖
秦岚
窦唯
维纳
罗晋
美心
羽泉
老狼
耿爽
胡兵
胡军
胡歌
舒淇
英达
范伟
莫言
葛优
葛天
董卿
董洁
蒋欣
袁泉
裴蓓
许嵩
许巍
谢娜
谢楠
赵薇
邓伦
邓超
那英
邹凯
郎朗
郑恺
郑智
郑洁
郑爽
郑钧
郭涛
金晨
闫妮
陆毅
陈华
陈坤
陈好
陈数
陈晓
陈琳
陈赫
陶喆
陶虹
雪村
雷军
靳东
韩华
韩寒
韩庚
韩红
马丽
马云
马琳
马苏
马龙
鹿晗
黄奕
黄渤
黄磊
黄轩
黎明
丁俊晖
习近平
井柏然
任嘉伦
任正非
任达华
何润东
何超琼
佘诗曼
余秋雨
佟丽娅
佟大为
俞灏明
关晓彤
冯小刚
冯绍峰
冯远征
刘亦菲
刘仪伟
刘嘉玲
刘强东
刘德华
刘恺威
刘慈欣
刘昊然
刘晓庆
刘玉栋
刘若英
刘诗诗
刘震云
华春莹
华晨宇
古天乐
史玉柱
吕丽萍
吴亦凡
吴奇隆
吴宗宪
吴宣仪
吴彦祖
吴敏霞
吴秀波
吴莫愁
吴谨言
吴镇宇
吴青峰
周传雄
周冬雨
周华健
周慧敏
周星驰
周杰伦
周润发
周渝民
周立波
周笔畅
周鸿祎
唐国强
大张伟
姜培林
娄艺潇
孙亚芳
孙海英
孙红雷
孙继海
孙骁骁
宁丹琳
宋丹丹
容祖儿
小沈阳
岳云鹏
崔永元
巴特尔
庾澄庆
张一山
张丰毅
张亚东
张亚勤
张嘉译
张国立
张国荣
张大大
张天爱
张子枫
张学友
张志东
张怡宁
张惠妹
张敬轩
张智霖
张朝阳
张柏芝
张歆艺
张涵予
张牧野
张玉宁
张纪中
张继科
张艺兴
张艺谋
张若昀
张连伟
张钧甯
张铁林
张雨绮
张靓颖
张静初
张韶涵
彭于晏
彭昱畅
徐小平
徐熙娣
徐熙媛
徐若瑄
徐静蕾
撒贝宁
方大同
方滨兴
施密特
易中天
易建联
曾志伟
朱一龙
朱亚文
朱芳雨
李一男
李云迪
李亚鹏
李克强
李冰冰
李双江
李嘉欣
李国庆
李学庆
李宇春
李宗盛
李小冉
李小璐
李小鹏
李少红
李幼斌
李庚希
李开复
李彦宏
李思思
李承铉
李斯羽
李明远
李易峰
李春江
李欣汝
李永波
李汶翰
李维嘉
李荣浩
李连杰
杜海涛
杨丞琳
杨丽萍
杨千嬅
杨恭如
杨致远
杨超越
杨钰莹
林书豪
林依晨
林俊杰
林宥嘉
林心如
林志玲
林志颖
林更新
柯震东
柳云龙
柳传志
桂纶镁
梁咏琪
梁文冲
梁朝伟
梁静茹
毕福剑
毛不易
求伯君
江疏影
沈南鹏
沈梦辰
洪昭光
滕华涛
潘玮柏
潘粤明
濮存昕
王一博
王仕鹏
王俊凯
王力宏
王励勤
王哲林
王嘉尔
王子文
王宝强
王小川
王志东
王志文
王晓晨
王治郅
王珞丹
王自健
甄子丹
田馥甄
白敬亭
秦海璐
窦文涛
章子怡
章泽天
罗志祥
罗永浩
胡彦斌
胡杏儿
苏打绿
苏有朋
范冰冰
范志毅
范玮琪
茅侃侃
莫文蔚
萧亚轩
萧敬腾
董方卓
蒋勤勤
蒋雯丽
蔡依林
蔡卓妍
蔡康永
蔡徐坤
薛之谦
薛蛮子
言承旭
许魏洲
谢杏芳
谢霆锋
谭元元
谭咏麟
贝索斯
贾乃亮
贾樟柯
贾跃亭
赵丽颖
赵又廷
赵宝刚
赵忠祥
赵本山
赵蕊蕊
邓紫棋
邵亦波
邵佳一
邹廷威
郎永淳
郑伊健
郑元畅
郑嘉颖
郑秀文
郝海东
郭富城
郭德纲
郭敬明
郭晓冬
郭晶晶
郭碧婷
郭采洁
金城武
钟欣桐
钟欣潼
钟汉良
阮经天
阿桑奇
陆兆禧
陈一丹
陈乔恩
陈伟霆
陈凯歌
陈嘉桦
陈天桥
陈奕迅
陈妍希
陈学冬
陈宝国
陈建斌
陈晓薇
陈楚生
陈江华
陈燮霞
陈道明
陈鲁豫
雷佳音
霍建华
鞠婧祎
韩德君
颜丹晨
马伊琍
马化腾
马天宇
马思纯
马未都
高圆圆
高希希
魏大勋
黄健翔
黄圣依
黄子韬
黄晓明
黄景瑜
黄海波
黄秋生
黄豆豆
齐向东
丁彦雨航
古力娜扎
吉克隽逸
尼格买提
扎克伯格
斯琴高娃
易烊千玺
欧阳夏丹
欧阳娜娜
迪丽热巴
